00:20:20 **** Build of configuration Debug for project 003_HAL_CAN_BUS_WITH_FILTER_BOARD1 ****
make -j12 all 
arm-none-eabi-gcc -o "003_HAL_CAN_BUS_WITH_FILTER_BOARD1.elf" @"objects.list"   -mcpu=cortex-m4 -T"C:\Users\Burak\Desktop\STM32F407\kodlar disc\CANBUS\003_HAL_CAN_BUS_WITH_FILTER_BOARD1\STM32F407VGTX_FLASH.ld" --specs=nosys.specs -Wl,-Map="003_HAL_CAN_BUS_WITH_FILTER_BOARD1.map" -Wl,--gc-sections -static --specs=nano.specs -mfpu=fpv4-sp-d16 -mfloat-abi=hard -mthumb -Wl,--start-group -lc -lm -Wl,--end-group
Finished building target: 003_HAL_CAN_BUS_WITH_FILTER_BOARD1.elf
 
arm-none-eabi-size   003_HAL_CAN_BUS_WITH_FILTER_BOARD1.elf 
arm-none-eabi-objdump -h -S  003_HAL_CAN_BUS_WITH_FILTER_BOARD1.elf  > "003_HAL_CAN_BUS_WITH_FILTER_BOARD1.list"
   text	   data	    bss	    dec	    hex	filename
   9980	     20	   1708	  11708	   2dbc	003_HAL_CAN_BUS_WITH_FILTER_BOARD1.elf
Finished building: default.size.stdout
 
Finished building: 003_HAL_CAN_BUS_WITH_FILTER_BOARD1.list
 

00:20:20 Build Finished. 0 errors, 0 warnings. (took 581ms)

