00:23:26 **** Build of configuration Debug for project 004_HAL_CAN_BUS_WITH_FILTER_BOARD2 ****
make -j12 all 
arm-none-eabi-gcc -o "004_HAL_CAN_BUS_WITH_FILTER_BOARD2.elf" @"objects.list"   -mcpu=cortex-m4 -T"C:\Users\Burak\Desktop\STM32F407\kodlar disc\CANBUS\004_HAL_CAN_BUS_WITH_FILTER_BOARD2\STM32F407VGTX_FLASH.ld" --specs=nosys.specs -Wl,-Map="004_HAL_CAN_BUS_WITH_FILTER_BOARD2.map" -Wl,--gc-sections -static --specs=nano.specs -mfpu=fpv4-sp-d16 -mfloat-abi=hard -mthumb -Wl,--start-group -lc -lm -Wl,--end-group
Finished building target: 004_HAL_CAN_BUS_WITH_FILTER_BOARD2.elf
 
arm-none-eabi-size   004_HAL_CAN_BUS_WITH_FILTER_BOARD2.elf 
arm-none-eabi-objdump -h -S  004_HAL_CAN_BUS_WITH_FILTER_BOARD2.elf  > "004_HAL_CAN_BUS_WITH_FILTER_BOARD2.list"
   text	   data	    bss	    dec	    hex	filename
   9992	     20	   1708	  11720	   2dc8	004_HAL_CAN_BUS_WITH_FILTER_BOARD2.elf
Finished building: default.size.stdout
 
Finished building: 004_HAL_CAN_BUS_WITH_FILTER_BOARD2.list
 

00:23:26 Build Finished. 0 errors, 0 warnings. (took 566ms)

