23:17:18 **** Build of configuration Debug for project 013_2_HAL_CAN_BUS_GET_HCSR04_DATA ****
make -j12 all 
arm-none-eabi-gcc -o "013_2_HAL_CAN_BUS_GET_HCSR04_DATA.elf" @"objects.list"   -mcpu=cortex-m4 -T"C:\Users\Burak\Desktop\STM32F407\kodlar disc\CANBUS\013_2_HAL_CAN_BUS_GET_HCSR04_DATA\STM32F407VGTX_FLASH.ld" --specs=nosys.specs -Wl,-Map="013_2_HAL_CAN_BUS_GET_HCSR04_DATA.map" -Wl,--gc-sections -static --specs=nano.specs -mfpu=fpv4-sp-d16 -mfloat-abi=hard -mthumb -Wl,--start-group -lc -lm -Wl,--end-group
Finished building target: 013_2_HAL_CAN_BUS_GET_HCSR04_DATA.elf
 
arm-none-eabi-size   013_2_HAL_CAN_BUS_GET_HCSR04_DATA.elf 
arm-none-eabi-objdump -h -S  013_2_HAL_CAN_BUS_GET_HCSR04_DATA.elf  > "013_2_HAL_CAN_BUS_GET_HCSR04_DATA.list"
   text	   data	    bss	    dec	    hex	filename
   9432	     20	   1708	  11160	   2b98	013_2_HAL_CAN_BUS_GET_HCSR04_DATA.elf
Finished building: default.size.stdout
 
Finished building: 013_2_HAL_CAN_BUS_GET_HCSR04_DATA.list
 

23:17:19 Build Finished. 0 errors, 0 warnings. (took 526ms)

